Windows PowerShell
Copyright (C) Microsoft Corporation. All rights reserved.

Install the latest PowerShell for new features and improvements! https://aka.ms/PSWindows

PS C:\Users\10835505\OneDrive - LTIMindtree\Desktop> ssh -i "aws_Ltimindtree.pem" ubuntu@ec2-107-21-193-154.compute-1.amazonaws.com
Welcome to Ubuntu 22.04.5 LTS (GNU/Linux 6.8.0-1029-aws x86_64)

 * Documentation:  https://help.ubuntu.com
 * Management:     https://landscape.canonical.com
 * Support:        https://ubuntu.com/pro

 System information as of Mon Jun 23 07:00:21 UTC 2025

  System load:  0.03              Processes:             107
  Usage of /:   35.9% of 7.57GB   Users logged in:       1
  Memory usage: 28%               IPv4 address for eth0: 172.31.19.117
  Swap usage:   0%


Expanded Security Maintenance for Applications is not enabled.

10 updates can be applied immediately.
To see these additional updates run: apt list --upgradable

Enable ESM Apps to receive additional future security updates.
See https://ubuntu.com/esm or run: sudo pro status

New release '24.04.2 LTS' available.
Run 'do-release-upgrade' to upgrade to it.


*** System restart required ***
Last login: Mon Jun 23 06:42:30 2025 from 103.244.155.144
ubuntu@k8s:~$ sudo su -
root@k8s:~# cd /project-k8s/
root@k8s:/project-k8s# cat deployment.yaml
apiVersion: apps/v1
kind: Deployment
metadata:
  name: nginx-deployment
  labels:
    app: nginx
spec:
  replicas: 10
  selector:
    matchLabels:
      app: nginx
  template:
    metadata:
      labels:
        app: nginx
    spec:
      containers:
      - name: nginx
        image: nginx:1.14.2
        ports:
        - containerPort: 80

root@k8s:/project-k8s#
root@k8s:/project-k8s# kubectl set image deployment.v1.apps/nginx-deployment nginx=nginx:1.16.1
deployment.apps/nginx-deployment image updated
root@k8s:/project-k8s# kubectl describe deployment
Name:                   nginx-deployment
Namespace:              default
CreationTimestamp:      Mon, 23 Jun 2025 06:54:38 +0000
Labels:                 app=nginx
Annotations:            deployment.kubernetes.io/revision: 2
Selector:               app=nginx
Replicas:               10 desired | 10 updated | 10 total | 10 available | 0 unavailable
StrategyType:           RollingUpdate
MinReadySeconds:        0
RollingUpdateStrategy:  25% max unavailable, 25% max surge
Pod Template:
  Labels:  app=nginx
  Containers:
   nginx:
    Image:         nginx:1.16.1
    Port:          80/TCP
    Host Port:     0/TCP
    Environment:   <none>
    Mounts:        <none>
  Volumes:         <none>
  Node-Selectors:  <none>
  Tolerations:     <none>
Conditions:
  Type           Status  Reason
  ----           ------  ------
  Available      True    MinimumReplicasAvailable
  Progressing    True    NewReplicaSetAvailable
OldReplicaSets:  nginx-deployment-86dcfdf4c6 (0/0 replicas created)
NewReplicaSet:   nginx-deployment-848dd6cfb5 (10/10 replicas created)
Events:
  Type    Reason             Age                From                   Message
  ----    ------             ----               ----                   -------
  Normal  ScalingReplicaSet  9m20s              deployment-controller  Scaled up replica set nginx-deployment-86dcfdf4c6 to 4
  Normal  ScalingReplicaSet  4m46s              deployment-controller  Scaled up replica set nginx-deployment-86dcfdf4c6 to 10 from 4
  Normal  ScalingReplicaSet  76s                deployment-controller  Scaled up replica set nginx-deployment-848dd6cfb5 to 3
  Normal  ScalingReplicaSet  76s                deployment-controller  Scaled down replica set nginx-deployment-86dcfdf4c6 to 8 from 10
  Normal  ScalingReplicaSet  76s                deployment-controller  Scaled up replica set nginx-deployment-848dd6cfb5 to 5 from 3
  Normal  ScalingReplicaSet  72s                deployment-controller  Scaled down replica set nginx-deployment-86dcfdf4c6 to 7 from 8
  Normal  ScalingReplicaSet  72s                deployment-controller  Scaled up replica set nginx-deployment-848dd6cfb5 to 6 from 5
  Normal  ScalingReplicaSet  71s                deployment-controller  Scaled down replica set nginx-deployment-86dcfdf4c6 to 6 from 7
  Normal  ScalingReplicaSet  71s                deployment-controller  Scaled up replica set nginx-deployment-848dd6cfb5 to 7 from 6
  Normal  ScalingReplicaSet  69s (x5 over 71s)  deployment-controller  (combined from similar events): Scaled down replica set nginx-deployment-86dcfdf4c6 to 0 from 1
root@k8s:/project-k8s#
root@k8s:/project-k8s# kubectl get rs
NAME                          DESIRED   CURRENT   READY   AGE
frontend                      3         3         3       15m
nginx-deployment-848dd6cfb5   10        10        10      111s
nginx-deployment-86dcfdf4c6   0         0         0       9m55s
root@k8s:/project-k8s# kubectl set image deployment.v1.apps/nginx-deployment nginx=nginx:1.18.1
deployment.apps/nginx-deployment image updated
root@k8s:/project-k8s# kubectl set image deployment.v1.apps/nginx-deployment nginx=nginx:1.18
deployment.apps/nginx-deployment image updated
root@k8s:/project-k8s# kubectl edit deployment/nginx-deployment
deployment.apps/nginx-deployment edited, 2299B written
root@k8s:/project-k8s# kubectl edit deployment/nginx-deployment
deployment.apps/nginx-deployment edited
root@k8s:/project-k8s# kubectl get pod
NAME                               READY   STATUS    RESTARTS   AGE
frontend-7vf9j                     1/1     Running   0          25m
frontend-nl5vz                     1/1     Running   0          25m
frontend-qxk9l                     1/1     Running   0          25m
nginx                              1/1     Running   0          29m
nginx-deployment-54bb6d489-54598   1/1     Running   0          79s
nginx-deployment-54bb6d489-6787x   1/1     Running   0          73s
nginx-deployment-54bb6d489-6jrsx   1/1     Running   0          74s
nginx-deployment-54bb6d489-cqmxd   1/1     Running   0          79s
nginx-deployment-54bb6d489-djs5d   1/1     Running   0          78s
nginx-deployment-54bb6d489-flw44   1/1     Running   0          74s
nginx-deployment-54bb6d489-ghwrk   1/1     Running   0          78s
nginx-deployment-54bb6d489-l82kq   1/1     Running   0          73s
nginx-deployment-54bb6d489-llmm6   1/1     Running   0          79s
nginx-deployment-54bb6d489-mkfm7   1/1     Running   0          73s
root@k8s:/project-k8s# kubectl get rs
NAME                          DESIRED   CURRENT   READY   AGE
frontend                      3         3         3       25m
nginx-deployment-54bb6d489    10        10        10      115s
nginx-deployment-584f64656    0         0         0       7m4s
nginx-deployment-5b88d5fd87   0         0         0       10m
nginx-deployment-848dd6cfb5   0         0         0       12m
nginx-deployment-86dcfdf4c6   0         0         0       20m
root@k8s:/project-k8s# kubectl edit deployment/nginx-deployment
error: deployments.apps "nginx-deployment" is invalid
error: deployments.apps "nginx-deployment" is invalid
error: deployments.apps "nginx-deployment" is invalidn

[1]+  Stopped                 kubectl edit deployment/nginx-deployment
root@k8s:/project-k8s#

[1]+  Stopped                 kubectl edit deployment/nginx-deployment
root@k8s:/project-k8s# kubectl edit deployment/nginx-deployment
deployment.apps/nginx-deployment edited
root@k8s:/project-k8s# kubectl set image deployment.v1.apps/nginx-deployment nginx=nginx:1.16.1
deployment.apps/nginx-deployment image updated
root@k8s:/project-k8s# kubectl rollout status deployment/nginx-deployment
Waiting for deployment "nginx-deployment" rollout to finish: 8 of 10 updated replicas are available...
Waiting for deployment "nginx-deployment" rollout to finish: 9 of 10 updated replicas are available...
deployment "nginx-deployment" successfully rolled out
root@k8s:/project-k8s# kubectl get pod
NAME                                READY   STATUS    RESTARTS   AGE
frontend-7vf9j                      1/1     Running   0          30m
frontend-nl5vz                      1/1     Running   0          30m
frontend-qxk9l                      1/1     Running   0          30m
nginx                               1/1     Running   0          34m
nginx-deployment-848dd6cfb5-4m7m5   1/1     Running   0          58s
nginx-deployment-848dd6cfb5-6trcz   1/1     Running   0          60s
nginx-deployment-848dd6cfb5-8p7bb   1/1     Running   0          60s
nginx-deployment-848dd6cfb5-9wgpc   1/1     Running   0          60s
nginx-deployment-848dd6cfb5-h58j8   1/1     Running   0          59s
nginx-deployment-848dd6cfb5-h7vlr   1/1     Running   0          58s
nginx-deployment-848dd6cfb5-khj5g   1/1     Running   0          59s
nginx-deployment-848dd6cfb5-m7ffq   1/1     Running   0          60s
nginx-deployment-848dd6cfb5-ml96n   1/1     Running   0          57s
nginx-deployment-848dd6cfb5-n85mz   1/1     Running   0          59s
root@k8s:/project-k8s# kubectl get rs
NAME                          DESIRED   CURRENT   READY   AGE
frontend                      3         3         3       31m
nginx-deployment-54bb6d489    0         0         0       7m17s
nginx-deployment-584f64656    0         0         0       12m
nginx-deployment-5b88d5fd87   0         0         0       15m
nginx-deployment-848dd6cfb5   10        10        10      17m
nginx-deployment-86dcfdf4c6   0         0         0       25m
root@k8s:/project-k8s# kubectl rollout history deployment/nginx-deployment
deployment.apps/nginx-deployment
REVISION  CHANGE-CAUSE
1         <none>
3         <none>
5         <none>
6         <none>
7         <none>

root@k8s:/project-k8s# kubectl annotate deployment/nginx-deployment kubernetes.io/change-cause="image updated to 1.16.1"
deployment.apps/nginx-deployment annotated
root@k8s:/project-k8s# kubectl rollout history deployment/nginx-deployment
deployment.apps/nginx-deployment
REVISION  CHANGE-CAUSE
1         <none>
3         <none>
5         <none>
6         <none>
7         image updated to 1.16.1

root@k8s:/project-k8s# kubectl rollout history deployment/nginx-deployment --revision=6
deployment.apps/nginx-deployment with revision #6
Pod Template:
  Labels:       app=nginx
        pod-template-hash=584f64656
  Containers:
   nginx:
    Image:      nginx:1.18
    Port:       80/TCP
    Host Port:  0/TCP
    Environment:        <none>
    Mounts:     <none>
  Volumes:      <none>
  Node-Selectors:       <none>
  Tolerations:  <none>

root@k8s:/project-k8s# kubectl rollout history deployment/nginx-deployment --revision=5
deployment.apps/nginx-deployment with revision #5
Pod Template:
  Labels:       app=nginx
        pod-template-hash=54bb6d489
  Containers:
   nginx:
    Image:      nginx:1.20
    Port:       80/TCP
    Host Port:  0/TCP
    Environment:        <none>
    Mounts:     <none>
  Volumes:      <none>
  Node-Selectors:       <none>
  Tolerations:  <none>

root@k8s:/project-k8s# kubectl describe deployment
Name:                   nginx-deployment
Namespace:              default
CreationTimestamp:      Mon, 23 Jun 2025 06:54:38 +0000
Labels:                 app=nginx
Annotations:            deployment.kubernetes.io/revision: 7
                        kubernetes.io/change-cause: image updated to 1.16.1
Selector:               app=nginx
Replicas:               10 desired | 10 updated | 10 total | 10 available | 0 unavailable
StrategyType:           RollingUpdate
MinReadySeconds:        0
RollingUpdateStrategy:  25% max unavailable, 25% max surge
Pod Template:
  Labels:  app=nginx
  Containers:
   nginx:
    Image:         nginx:1.16.1
    Port:          80/TCP
    Host Port:     0/TCP
    Environment:   <none>
    Mounts:        <none>
  Volumes:         <none>
  Node-Selectors:  <none>
  Tolerations:     <none>
Conditions:
  Type           Status  Reason
  ----           ------  ------
  Available      True    MinimumReplicasAvailable
  Progressing    True    NewReplicaSetAvailable
OldReplicaSets:  nginx-deployment-86dcfdf4c6 (0/0 replicas created), nginx-deployment-5b88d5fd87 (0/0 replicas created), nginx-deployment-584f64656 (0/0 replicas created), nginx-deployment-54bb6d489 (0/0 replicas created)
NewReplicaSet:   nginx-deployment-848dd6cfb5 (10/10 replicas created)
Events:
  Type    Reason             Age                   From                   Message
  ----    ------             ----                  ----                   -------
  Normal  ScalingReplicaSet  29m                   deployment-controller  Scaled up replica set nginx-deployment-86dcfdf4c6 to 4
  Normal  ScalingReplicaSet  24m                   deployment-controller  Scaled up replica set nginx-deployment-86dcfdf4c6 to 10 from 4
  Normal  ScalingReplicaSet  21m                   deployment-controller  Scaled up replica set nginx-deployment-848dd6cfb5 to 3
  Normal  ScalingReplicaSet  21m                   deployment-controller  Scaled down replica set nginx-deployment-86dcfdf4c6 to 8 from 10
  Normal  ScalingReplicaSet  21m                   deployment-controller  Scaled up replica set nginx-deployment-848dd6cfb5 to 5 from 3
  Normal  ScalingReplicaSet  21m                   deployment-controller  Scaled down replica set nginx-deployment-86dcfdf4c6 to 7 from 8
  Normal  ScalingReplicaSet  21m                   deployment-controller  Scaled up replica set nginx-deployment-848dd6cfb5 to 6 from 5
  Normal  ScalingReplicaSet  21m                   deployment-controller  Scaled down replica set nginx-deployment-86dcfdf4c6 to 6 from 7
  Normal  ScalingReplicaSet  21m                   deployment-controller  Scaled up replica set nginx-deployment-848dd6cfb5 to 7 from 6
  Normal  ScalingReplicaSet  5m20s (x40 over 21m)  deployment-controller  (combined from similar events): Scaled up replica set nginx-deployment-584f64656 to 3 from 0
root@k8s:/project-k8s# kubectl set image deployment.v1.apps/nginx-deployment nginx=nginx:1.20
deployment.apps/nginx-deployment image updated
root@k8s:/project-k8s# kubectl describe deployment
Name:                   nginx-deployment
Namespace:              default
CreationTimestamp:      Mon, 23 Jun 2025 06:54:38 +0000
Labels:                 app=nginx
Annotations:            deployment.kubernetes.io/revision: 8
                        kubernetes.io/change-cause: image updated to 1.16.1
Selector:               app=nginx
Replicas:               10 desired | 10 updated | 10 total | 8 available | 2 unavailable
StrategyType:           RollingUpdate
MinReadySeconds:        0
RollingUpdateStrategy:  25% max unavailable, 25% max surge
Pod Template:
  Labels:  app=nginx
  Containers:
   nginx:
    Image:         nginx:1.20
    Port:          80/TCP
    Host Port:     0/TCP
    Environment:   <none>
    Mounts:        <none>
  Volumes:         <none>
  Node-Selectors:  <none>
  Tolerations:     <none>
Conditions:
  Type           Status  Reason
  ----           ------  ------
  Available      True    MinimumReplicasAvailable
  Progressing    True    ReplicaSetUpdated
OldReplicaSets:  nginx-deployment-86dcfdf4c6 (0/0 replicas created), nginx-deployment-848dd6cfb5 (0/0 replicas created), nginx-deployment-5b88d5fd87 (0/0 replicas created), nginx-deployment-584f64656 (0/0 replicas created)
NewReplicaSet:   nginx-deployment-54bb6d489 (10/10 replicas created)
Events:
  Type    Reason             Age                 From                   Message
  ----    ------             ----                ----                   -------
  Normal  ScalingReplicaSet  29m                 deployment-controller  Scaled up replica set nginx-deployment-86dcfdf4c6 to 4
  Normal  ScalingReplicaSet  25m                 deployment-controller  Scaled up replica set nginx-deployment-86dcfdf4c6 to 10 from 4
  Normal  ScalingReplicaSet  21m                 deployment-controller  Scaled up replica set nginx-deployment-848dd6cfb5 to 3
  Normal  ScalingReplicaSet  21m                 deployment-controller  Scaled down replica set nginx-deployment-86dcfdf4c6 to 8 from 10
  Normal  ScalingReplicaSet  21m                 deployment-controller  Scaled up replica set nginx-deployment-848dd6cfb5 to 5 from 3
  Normal  ScalingReplicaSet  21m                 deployment-controller  Scaled down replica set nginx-deployment-86dcfdf4c6 to 7 from 8
  Normal  ScalingReplicaSet  21m                 deployment-controller  Scaled up replica set nginx-deployment-848dd6cfb5 to 6 from 5
  Normal  ScalingReplicaSet  21m                 deployment-controller  Scaled down replica set nginx-deployment-86dcfdf4c6 to 6 from 7
  Normal  ScalingReplicaSet  21m                 deployment-controller  Scaled up replica set nginx-deployment-848dd6cfb5 to 7 from 6
  Normal  ScalingReplicaSet  14s (x70 over 21m)  deployment-controller  (combined from similar events): Scaled up replica set nginx-deployment-54bb6d489 to 3 from 0
root@k8s:/project-k8s#
root@k8s:/project-k8s# kubectl rollout undo deployment/nginx-deployment
deployment.apps/nginx-deployment rolled back
root@k8s:/project-k8s# kubectl describe deployment
Name:                   nginx-deployment
Namespace:              default
CreationTimestamp:      Mon, 23 Jun 2025 06:54:38 +0000
Labels:                 app=nginx
Annotations:            deployment.kubernetes.io/revision: 9
                        kubernetes.io/change-cause: image updated to 1.16.1
Selector:               app=nginx
Replicas:               10 desired | 10 updated | 10 total | 10 available | 0 unavailable
StrategyType:           RollingUpdate
MinReadySeconds:        0
RollingUpdateStrategy:  25% max unavailable, 25% max surge
Pod Template:
  Labels:  app=nginx
  Containers:
   nginx:
    Image:         nginx:1.16.1
    Port:          80/TCP
    Host Port:     0/TCP
    Environment:   <none>
    Mounts:        <none>
  Volumes:         <none>
  Node-Selectors:  <none>
  Tolerations:     <none>
Conditions:
  Type           Status  Reason
  ----           ------  ------
  Available      True    MinimumReplicasAvailable
  Progressing    True    NewReplicaSetAvailable
OldReplicaSets:  nginx-deployment-86dcfdf4c6 (0/0 replicas created), nginx-deployment-5b88d5fd87 (0/0 replicas created), nginx-deployment-584f64656 (0/0 replicas created), nginx-deployment-54bb6d489 (0/0 replicas created)
NewReplicaSet:   nginx-deployment-848dd6cfb5 (10/10 replicas created)
Events:
  Type    Reason             Age                 From                   Message
  ----    ------             ----                ----                   -------
  Normal  ScalingReplicaSet  30m                 deployment-controller  Scaled up replica set nginx-deployment-86dcfdf4c6 to 4
  Normal  ScalingReplicaSet  25m                 deployment-controller  Scaled up replica set nginx-deployment-86dcfdf4c6 to 10 from 4
  Normal  ScalingReplicaSet  22m                 deployment-controller  Scaled up replica set nginx-deployment-848dd6cfb5 to 3
  Normal  ScalingReplicaSet  22m                 deployment-controller  Scaled down replica set nginx-deployment-86dcfdf4c6 to 8 from 10
  Normal  ScalingReplicaSet  22m                 deployment-controller  Scaled up replica set nginx-deployment-848dd6cfb5 to 5 from 3
  Normal  ScalingReplicaSet  22m                 deployment-controller  Scaled down replica set nginx-deployment-86dcfdf4c6 to 7 from 8
  Normal  ScalingReplicaSet  22m                 deployment-controller  Scaled up replica set nginx-deployment-848dd6cfb5 to 6 from 5
  Normal  ScalingReplicaSet  22m                 deployment-controller  Scaled down replica set nginx-deployment-86dcfdf4c6 to 6 from 7
  Normal  ScalingReplicaSet  22m                 deployment-controller  Scaled up replica set nginx-deployment-848dd6cfb5 to 7 from 6
  Normal  ScalingReplicaSet  18s (x84 over 22m)  deployment-controller  (combined from similar events): Scaled up replica set nginx-deployment-848dd6cfb5 to 3 from 0
root@k8s:/project-k8s# kubectl rollout history deployment/nginx-deployment --revision=5
error: unable to find the specified revision
root@k8s:/project-k8s# kubectl rollout history deployment/nginx-deployment
deployment.apps/nginx-deployment
REVISION  CHANGE-CAUSE
1         <none>
3         <none>
6         <none>
8         image updated to 1.16.1
9         image updated to 1.16.1

root@k8s:/project-k8s# kubectl rollout undo deployment/nginx-deployment --to-revision=3
deployment.apps/nginx-deployment rolled back
root@k8s:/project-k8s# kubectl describe deployment
Name:                   nginx-deployment
Namespace:              default
CreationTimestamp:      Mon, 23 Jun 2025 06:54:38 +0000
Labels:                 app=nginx
Annotations:            deployment.kubernetes.io/revision: 10
Selector:               app=nginx
Replicas:               10 desired | 5 updated | 13 total | 8 available | 5 unavailable
StrategyType:           RollingUpdate
MinReadySeconds:        0
RollingUpdateStrategy:  25% max unavailable, 25% max surge
Pod Template:
  Labels:  app=nginx
  Containers:
   nginx:
    Image:         nginx:1.18.1
    Port:          80/TCP
    Host Port:     0/TCP
    Environment:   <none>
    Mounts:        <none>
  Volumes:         <none>
  Node-Selectors:  <none>
  Tolerations:     <none>
Conditions:
  Type           Status  Reason
  ----           ------  ------
  Available      True    MinimumReplicasAvailable
  Progressing    True    ReplicaSetUpdated
OldReplicaSets:  nginx-deployment-86dcfdf4c6 (0/0 replicas created), nginx-deployment-848dd6cfb5 (8/8 replicas created), nginx-deployment-584f64656 (0/0 replicas created), nginx-deployment-54bb6d489 (0/0 replicas created)
NewReplicaSet:   nginx-deployment-5b88d5fd87 (5/5 replicas created)
Events:
  Type    Reason             Age                  From                   Message
  ----    ------             ----                 ----                   -------
  Normal  ScalingReplicaSet  32m                  deployment-controller  Scaled up replica set nginx-deployment-86dcfdf4c6 to 4
  Normal  ScalingReplicaSet  27m                  deployment-controller  Scaled up replica set nginx-deployment-86dcfdf4c6 to 10 from 4
  Normal  ScalingReplicaSet  24m                  deployment-controller  Scaled up replica set nginx-deployment-848dd6cfb5 to 3
  Normal  ScalingReplicaSet  24m                  deployment-controller  Scaled down replica set nginx-deployment-86dcfdf4c6 to 8 from 10
  Normal  ScalingReplicaSet  24m                  deployment-controller  Scaled up replica set nginx-deployment-848dd6cfb5 to 5 from 3
  Normal  ScalingReplicaSet  23m                  deployment-controller  Scaled down replica set nginx-deployment-86dcfdf4c6 to 7 from 8
  Normal  ScalingReplicaSet  23m                  deployment-controller  Scaled up replica set nginx-deployment-848dd6cfb5 to 6 from 5
  Normal  ScalingReplicaSet  23m                  deployment-controller  Scaled down replica set nginx-deployment-86dcfdf4c6 to 6 from 7
  Normal  ScalingReplicaSet  23m                  deployment-controller  Scaled up replica set nginx-deployment-848dd6cfb5 to 7 from 6
  Normal  ScalingReplicaSet  2m4s (x84 over 23m)  deployment-controller  (combined from similar events): Scaled up replica set nginx-deployment-848dd6cfb5 to 3 from 0
root@k8s:/project-k8s# cd
root@k8s:~# history
    1  apt-get update -y
    2  curl "https://awscli.amazonaws.com/awscli-exe-linux-x86_64.zip" -o "awscliv2.zip"
    3  curl --silent --location "https://github.com/weaveworks/eksctl/releases/latest/download/eksctl_$(uname -s)_amd64.tar.gz" | tar xz -C /tmp
    4  curl -LO https://storage.googleapis.com/kubernetes-release/release/$(curl -s https://storage.googleapis.com/kubernetes-release/release/stable.txt)/bin/linux/amd64/kubectl
    5  sudo install -o root -g root -m 0755 kubectl /usr/local/bin/kubectl
    6  ssh-keygen
    7  eksctl create cluster --name my-cluster --region us-east-1 --version 1.29 --vpc-public-subnets subnet-0d4f0214153564e39,subnet-091341b1ca972d37c --without-nodegroup
    8  eksctl create cluster --name my-devops-cluster --region us-east-1 --version 1.29 --vpc-public-subnets subnet-00608da34c56e569d,subnet-0541b7ff15bd92fd9 --without-nodegroup
    9  kubectl get node
   10  ls -a
   11  cd .kube/
   12  ll
   13  kubectl get nodes
   14  cd
   15  eksctl create nodegroup   --cluster my-devops-cluster   --region us-east-1   --name my-node-group   --node-ami-family Ubuntu2004   --node-type t2.small   --subnet-ids subnet-00608da34c56e569d,subnet-0541b7ff15bd92fd9   --nodes 3   --nodes-min 2   --nodes-max 4   --ssh-access   --ssh-public-key /root/.ssh/id_rsa.pub
   16  eksctl create nodegroup   --cluster my-devops-cluster   --region us-east-1   --name my-node-group   --node-ami-family Ubuntu2204   --node-type t2.small   --subnet-ids subnet-00608da34c56e569d,subnet-0541b7ff15bd92fd9   --nodes 3   --nodes-min 2   --nodes-max 4   --ssh-access   --ssh-public-key /root/.ssh/id_rsa.pub
   17  eksctl create nodegroup   --cluster my-devop-cluster   --region us-east-1   --name my-node-group   --node-ami-family Ubuntu2204   --node-type t2.small   --subnet-ids subnet-00608da34c56e569d,subnet-0541b7ff15bd92fd9   --nodes 3   --nodes-min 2   --nodes-max 4   --ssh-access   --ssh-public-key /root/.ssh/id_rsa.pub
   18  eksctl create nodegroup   --cluster my-devops-cluster   --region us-east-1   --name my-node-group   --node-ami-family Ubuntu2204   --node-type t2.small   --subnet-ids subnet-00608da34c56e569d,subnet-0541b7ff15bd92fd9   --nodes 3   --nodes-min 2   --nodes-max 4   --ssh-access   --ssh-public-key /root/.ssh/id_rsa.pub
   19  eksctl create nodegroup   --cluster my-devops-cluster   --region us-east-1   --name my-node-group   --node-ami-family Ubuntu2004   --node-type t2.small   --subnet-ids subnet-00608da34c56e569d,subnet-0541b7ff15bd92fd9   --nodes 3   --nodes-min 2   --nodes-max 4   --ssh-access   --ssh-public-key /root/.ssh/id_rsa.pub
   20  kubectl get nodes
   21  hostnamectl set-hostname k8s.example.com
   22  bash
   23  cd /project-k8s/
   24  cat deployment.yaml
   25  kubectl set image deployment.v1.apps/nginx-deployment nginx=nginx:1.16.1
   26  kubectl describe deployment
   27  kubectl get rs
   28  kubectl set image deployment.v1.apps/nginx-deployment nginx=nginx:1.18.1
   29  kubectl set image deployment.v1.apps/nginx-deployment nginx=nginx:1.18
   30  kubectl edit deployment/nginx-deployment
   31  kubectl get pod
   32  kubectl get rs
   33  kubectl edit deployment/nginx-deployment
   34  kubectl set image deployment.v1.apps/nginx-deployment nginx=nginx:1.16.1
   35  kubectl rollout status deployment/nginx-deployment
   36  kubectl get pod
   37  kubectl get rs
   38  kubectl rollout history deployment/nginx-deployment
   39  kubectl annotate deployment/nginx-deployment kubernetes.io/change-cause="image updated to 1.16.1"
   40  kubectl rollout history deployment/nginx-deployment
   41  kubectl rollout history deployment/nginx-deployment --revision=6
   42  kubectl rollout history deployment/nginx-deployment --revision=5
   43  kubectl describe deployment
   44  kubectl set image deployment.v1.apps/nginx-deployment nginx=nginx:1.20
   45  kubectl describe deployment
   46  kubectl rollout undo deployment/nginx-deployment
   47  kubectl describe deployment
   48  kubectl rollout history deployment/nginx-deployment --revision=5
   49  kubectl rollout history deployment/nginx-deployment
   50  kubectl rollout undo deployment/nginx-deployment --to-revision=3
   51  kubectl describe deployment
   52  cd
   53  history
root@k8s:~# client_loop: send disconnect: Connection reset
PS C:\Users\10835505\OneDrive - LTIMindtree\Desktop> ssh -i "aws_Ltimindtree.pem" ubuntu@ec2-107-21-193-154.compute-1.amazonaws.com
Welcome to Ubuntu 22.04.5 LTS (GNU/Linux 6.8.0-1029-aws x86_64)

 * Documentation:  https://help.ubuntu.com
 * Management:     https://landscape.canonical.com
 * Support:        https://ubuntu.com/pro

 System information as of Mon Jun 23 08:40:52 UTC 2025

  System load:  0.29              Processes:             113
  Usage of /:   35.9% of 7.57GB   Users logged in:       1
  Memory usage: 31%               IPv4 address for eth0: 172.31.19.117
  Swap usage:   0%


Expanded Security Maintenance for Applications is not enabled.

10 updates can be applied immediately.
To see these additional updates run: apt list --upgradable

Enable ESM Apps to receive additional future security updates.
See https://ubuntu.com/esm or run: sudo pro status

New release '24.04.2 LTS' available.
Run 'do-release-upgrade' to upgrade to it.


*** System restart required ***
Last login: Mon Jun 23 07:00:22 2025 from 103.244.155.144
ubuntu@k8s:~$ sudo su -
root@k8s:~#
root@k8s:~#
root@k8s:~#






watch -n 2 kubectl get pod








































Windows PowerShell
Copyright (C) Microsoft Corporation. All rights reserved.

Install the latest PowerShell for new features and improvements! https://aka.ms/PSWindows

PS C:\Users\10835505\OneDrive - LTIMindtree\Desktop> ssh -i "aws_Ltimindtree.pem" ubuntu@ec2-107-21-193-154.compute-1.amazonaws.com
Welcome to Ubuntu 22.04.5 LTS (GNU/Linux 6.8.0-1029-aws x86_64)

 * Documentation:  https://help.ubuntu.com
 * Management:     https://landscape.canonical.com
 * Support:        https://ubuntu.com/pro

 System information as of Mon Jun 23 11:04:31 UTC 2025

  System load:  0.78              Processes:             123
  Usage of /:   35.9% of 7.57GB   Users logged in:       1
  Memory usage: 31%               IPv4 address for eth0: 172.31.19.117
  Swap usage:   0%


Expanded Security Maintenance for Applications is not enabled.

10 updates can be applied immediately.
To see these additional updates run: apt list --upgradable

Enable ESM Apps to receive additional future security updates.
See https://ubuntu.com/esm or run: sudo pro status

New release '24.04.2 LTS' available.
Run 'do-release-upgrade' to upgrade to it.


*** System restart required ***
Last login: Mon Jun 23 08:53:33 2025 from 103.244.155.144
ubuntu@k8s:~$ sudo su -
root@k8s:~# kubectl get deployment
NAME               READY   UP-TO-DATE   AVAILABLE   AGE
nginx-deployment   8/10    5            8           4h10m
root@k8s:~# kubectl delete deployment nginx-deployment
deployment.apps "nginx-deployment" deleted
root@k8s:~# kubectl get rs
NAME       DESIRED   CURRENT   READY   AGE
frontend   3         3         3       4h17m
root@k8s:~# cd /project-k8s
root@k8s:/project-k8s# vim deployment.yaml
"deployment.yaml" 22L, 340B written
root@k8s:/project-k8s# kubectl apply -f deployment.yaml
deployment.apps/web-deployment created
root@k8s:/project-k8s# kubectl get pods
NAME                              READY   STATUS    RESTARTS   AGE
frontend-7vf9j                    1/1     Running   0          4h19m
frontend-nl5vz                    1/1     Running   0          4h19m
frontend-qxk9l                    1/1     Running   0          4h19m
nginx                             1/1     Running   0          4h23m
web-deployment-86dcfdf4c6-6rzx9   1/1     Running   0          33s
web-deployment-86dcfdf4c6-7ksbn   1/1     Running   0          32s
web-deployment-86dcfdf4c6-dkcnt   1/1     Running   0          33s
web-deployment-86dcfdf4c6-htgb4   1/1     Running   0          33s
web-deployment-86dcfdf4c6-j2ngb   1/1     Running   0          33s
web-deployment-86dcfdf4c6-j7bll   1/1     Running   0          33s
web-deployment-86dcfdf4c6-rqt2m   1/1     Running   0          33s
web-deployment-86dcfdf4c6-whqfg   1/1     Running   0          33s
root@k8s:/project-k8s# kubectl get deploymen
error: the server doesn't have a resource type "deploymen"
root@k8s:/project-k8s# ^C
root@k8s:/project-k8s# kubectl get deployment
NAME             READY   UP-TO-DATE   AVAILABLE   AGE
web-deployment   8/8     8            8           102s
root@k8s:/project-k8s# kubectl get rs
NAME                        DESIRED   CURRENT   READY   AGE
frontend                    3         3         3       4h21m
web-deployment-86dcfdf4c6   8         8         8       2m15s
root@k8s:/project-k8s# kubectl set image deployment/web-deployment nginx=nginx:1.161
deployment.apps/web-deployment image updated
root@k8s:/project-k8s# kubectl set image deployment.v1.apps/web-deployment nginx=nginx:1.16.1
deployment.apps/web-deployment image updated
root@k8s:/project-k8s# kubectl annotate deployment/nginx-deployment kubernetes.io/change-cause="This is my 1.16.1"
Error from server (NotFound): deployments.apps "nginx-deployment" not found
root@k8s:/project-k8s# kubectl annotate deployment/web-deployment kubernetes.io/change-cause="This is my 1.16.1"
deployment.apps/web-deployment annotated
root@k8s:/project-k8s# kubectl set image deployment.v1.apps/web-deployment nginx=nginx:1.18.1
deployment.apps/web-deployment image updated
root@k8s:/project-k8s# kubectl annotate deployment/web-deployment kubernetes.io/change-cause="This is my 1.18"
deployment.apps/web-deployment annotated
root@k8s:/project-k8s# kubectl set image deployment.v1.apps/web-deployment nginx=nginx:1.18
deployment.apps/web-deployment image updated
root@k8s:/project-k8s# kubectl annotate deployment/web-deployment kubernetes.io/change-cause="This is my 1.18 correct"
deployment.apps/web-deployment annotated
root@k8s:/project-k8s# kubectl rollout undo deployment/web-deployment
deployment.apps/web-deployment rolled back
root@k8s:/project-k8s# kubectl rollout undo deployment/web-deployment
deployment.apps/web-deployment rolled back
root@k8s:/project-k8s# kubectl scale deployment/web-deployment --replicas=20
deployment.apps/web-deployment scaled
root@k8s:/project-k8s# kubectl scale deployment/web-deployment --replicas=5
deployment.apps/web-deployment scaled
root@k8s:/project-k8s# kubectl autoscale deployment/web-deployment --min=10 --max=15 --cpu-percent=30
horizontalpodautoscaler.autoscaling/web-deployment autoscaled
root@k8s:/project-k8s# kubectl describe deployment web-deployment
Name:                   web-deployment
Namespace:              default
CreationTimestamp:      Mon, 23 Jun 2025 11:08:32 +0000
Labels:                 app=nginx
Annotations:            deployment.kubernetes.io/revision: 7
                        kubernetes.io/change-cause: This is my 1.18 correct
Selector:               app=nginx
Replicas:               10 desired | 10 updated | 10 total | 10 available | 0 unavailable
StrategyType:           RollingUpdate
MinReadySeconds:        0
RollingUpdateStrategy:  25% max unavailable, 25% max surge
Pod Template:
  Labels:  app=nginx
  Containers:
   nginx:
    Image:         nginx:1.18
    Port:          80/TCP
    Host Port:     0/TCP
    Environment:   <none>
    Mounts:        <none>
  Volumes:         <none>
  Node-Selectors:  <none>
  Tolerations:     <none>
Conditions:
  Type           Status  Reason
  ----           ------  ------
  Progressing    True    NewReplicaSetAvailable
  Available      True    MinimumReplicasAvailable
OldReplicaSets:  web-deployment-86dcfdf4c6 (0/0 replicas created), web-deployment-79c8677895 (0/0 replicas created), web-deployment-848dd6cfb5 (0/0 replicas created), web-deployment-5b88d5fd87 (0/0 replicas created)
NewReplicaSet:   web-deployment-584f64656 (10/10 replicas created)
Events:
  Type    Reason             Age                   From                   Message
  ----    ------             ----                  ----                   -------
  Normal  ScalingReplicaSet  26m                   deployment-controller  Scaled up replica set web-deployment-86dcfdf4c6 to 8
  Normal  ScalingReplicaSet  21m                   deployment-controller  Scaled up replica set web-deployment-79c8677895 to 2
  Normal  ScalingReplicaSet  21m                   deployment-controller  Scaled down replica set web-deployment-86dcfdf4c6 to 6 from 8
  Normal  ScalingReplicaSet  21m                   deployment-controller  Scaled up replica set web-deployment-79c8677895 to 4 from 2
  Normal  ScalingReplicaSet  19m                   deployment-controller  Scaled down replica set web-deployment-79c8677895 to 0 from 4
  Normal  ScalingReplicaSet  19m                   deployment-controller  Scaled up replica set web-deployment-848dd6cfb5 to 4 from 0
  Normal  ScalingReplicaSet  19m                   deployment-controller  Scaled down replica set web-deployment-86dcfdf4c6 to 5 from 6
  Normal  ScalingReplicaSet  19m                   deployment-controller  Scaled up replica set web-deployment-848dd6cfb5 to 5 from 4
  Normal  ScalingReplicaSet  19m                   deployment-controller  Scaled down replica set web-deployment-86dcfdf4c6 to 4 from 5
  Normal  ScalingReplicaSet  5m53s (x27 over 19m)  deployment-controller  (combined from similar events): Scaled down replica set web-deployment-584f64656 to 5 from 20
root@k8s:/project-k8s# kubectl get svc
NAME         TYPE        CLUSTER-IP   EXTERNAL-IP   PORT(S)   AGE
kubernetes   ClusterIP   10.100.0.1   <none>        443/TCP   6h57m
root@k8s:/project-k8s# vim service.yaml
root@k8s:/project-k8s# kubectl apply -f service.yaml
service/web-service created
root@k8s:/project-k8s# vim service.yaml
root@k8s:/project-k8s# kubectl get svc
NAME          TYPE           CLUSTER-IP      EXTERNAL-IP                                                               PORT(S)        AGE
kubernetes    ClusterIP      10.100.0.1      <none>                                                                    443/TCP        7h3m
web-service   LoadBalancer   10.100.244.66   a37f360b493504296b2883e375d863b7-1836083688.us-east-1.elb.amazonaws.com   80:30999/TCP   48s
root@k8s:/project-k8s# kubectl get pod
NAME                             READY   STATUS    RESTARTS   AGE
frontend-7vf9j                   1/1     Running   0          5h3m
frontend-nl5vz                   1/1     Running   0          5h3m
frontend-qxk9l                   1/1     Running   0          5h3m
nginx                            1/1     Running   0          5h7m
web-deployment-584f64656-7dbl5   1/1     Running   0          20m
web-deployment-584f64656-966m5   1/1     Running   0          20m
web-deployment-584f64656-c6psf   1/1     Running   0          20m
web-deployment-584f64656-h7z66   1/1     Running   0          20m
web-deployment-584f64656-khs4j   1/1     Running   0          32m
web-deployment-584f64656-rss6b   1/1     Running   0          24m
web-deployment-584f64656-vrlvr   1/1     Running   0          20m
web-deployment-584f64656-vxn9b   1/1     Running   0          24m
web-deployment-584f64656-wnmwr   1/1     Running   0          32m
web-deployment-584f64656-x449k   1/1     Running   0          32m
root@k8s:/project-k8s# kubectl get namespace
NAME              STATUS   AGE
default           Active   7h12m
kube-node-lease   Active   7h12m
kube-public       Active   7h12m
kube-system       Active   7h12m
root@k8s:/project-k8s# vim pods.yaml
root@k8s:/project-k8s#  11L, 149B written
root@k8s:/project-k8s# kubectl apply -f pods.yaml
pod/web-app created
root@k8s:/project-k8s# client_loop: send disconnect: Connection reset
PS C:\Users\10835505\OneDrive - LTIMindtree\Desktop>
